============================= test session starts =============================
platform win32 -- Python 3.12.10, pytest-8.4.2, pluggy-1.6.0
rootdir: C:\code\faststack
configfile: pyproject.toml
collected 4 items

faststack\tests\test_auto_levels.py DEBUG_AL: thresh=0.1 eps=0.01
DEBUG_AL: clipped_high=[0.0, 0.0, 1.0] max=1.0
DEBUG_AL: p_highs=[100.0, 100.0, 255.0]
.DEBUG_AL: thresh=0.1 eps=0.01
DEBUG_AL: clipped_high=[0.0025, 0.0, 0.0] max=0.0025
DEBUG_AL: p_highs=[200.0, 200.0, 200.0]
DEBUG: p_high=200.0, whites=0.0
FDEBUG_AL: thresh=0.1 eps=0.01
DEBUG_AL: clipped_high=[0.0, 0.0, 0.0] max=0.0
DEBUG_AL: p_highs=[128.0, 128.0, 128.0]
.DEBUG_AL: thresh=0.0 eps=0.0
DEBUG_AL: clipped_high=[0.0, 0.0, 0.0] max=0.0
DEBUG_AL: p_highs=[200.0, 200.0, 200.0]
.

================================== FAILURES ===================================
_______________ test_auto_levels_does_not_pin_for_tiny_clipping _______________

    def test_auto_levels_does_not_pin_for_tiny_clipping():
        editor = ImageEditor()
        # 200x200 image = 40,000 pixels
        w, h = 200, 200
        arr = np.zeros((h, w, 3), dtype=np.uint8)
        arr[:] = 200
    
        # 1 single pixel at 255
        # Fraction: 1 / 40000 = 0.000025 = 0.0025%
        # eps_pct = min(0.1, 0.01) = 0.01%
        # 0.0025% < 0.01%. Should NOT pin.
    
        arr[0, 0, 0] = 255
    
        img = Image.fromarray(arr, 'RGB')
        editor.original_image = img
        editor._preview_image = img
    
        blacks, whites, p_low, p_high = editor.auto_levels(threshold_percent=0.1)
    
        print(f"DEBUG: p_high={p_high}, whites={whites}")
        # p_high should be derived from percentiles (should be 200, ignoring the single 255)
    
        assert p_high == 200.0
>       assert whites > 0.0 # Should stretch
        ^^^^^^^^^^^^^^^^^^^
E       assert 0.0 > 0.0

faststack\tests\test_auto_levels.py:79: AssertionError
=========================== short test summary info ===========================
FAILED faststack/tests/test_auto_levels.py::test_auto_levels_does_not_pin_for_tiny_clipping
========================= 1 failed, 3 passed in 0.33s =========================
